// Jest Snapshot v1, https://goo.gl/fbAQLP

exports[`QuantityCard should render correctly 1`] = `
<p
  className="quantity-card"
>
  3
</p>
`;
